python.exe : test_auth (unittest.loader._FailedTest.test_auth) ... ERROR
At line:1 char:1
+ &"C:\Users\Deca\AppData\Local\Programs\Python\Python313\python.exe" - ...
+ ~~~~~~~~~~~~~~~~~~~~~~~~~~~~~~~~~~~~~~~~~~~~~~~~~~~~~~~~~~~~~~~~~~~~~
    + CategoryInfo          : NotSpecified: (test_auth (unit...auth) ... ERROR 
   :String) [], RemoteException
    + FullyQualifiedErrorId : NativeCommandError
 
test_bot_control_actions 
(unittest.loader._FailedTest.test_bot_control_actions) ... ERROR
test_bot_manager_api (unittest.loader._FailedTest.test_bot_manager_api) ... 
ERROR
test_dynamic_bot_discovery 
(unittest.loader._FailedTest.test_dynamic_bot_discovery) ... ERROR
test_forgot_password (unittest.loader._FailedTest.test_forgot_password) ... 
ERROR
test_mt5 (unittest.loader._FailedTest.test_mt5) ... ERROR
test_bridge_writes_commands_and_reports_status (test_mt5_bridge.MT5BridgeTests.
test_bridge_writes_commands_and_reports_status) ... ok
test_mt5_connect_api (unittest.loader._FailedTest.test_mt5_connect_api) ... 
ERROR
test_bridge_writes_command_and_ack_files (test_mt5_controller_ea.MT5ControllerE
ATests.test_bridge_writes_command_and_ack_files) ... ok
test_navigation (unittest.loader._FailedTest.test_navigation) ... ERROR
test_phase7_ai_analytics 
(unittest.loader._FailedTest.test_phase7_ai_analytics) ... ERROR
test_phase8_subscription_admin 
(unittest.loader._FailedTest.test_phase8_subscription_admin) ... ERROR
test_phase9_analytics (unittest.loader._FailedTest.test_phase9_analytics) ... 
ERROR
test_subscription_phase9 
(unittest.loader._FailedTest.test_subscription_phase9) ... ERROR
test_trading_engine (unittest.loader._FailedTest.test_trading_engine) ... ERROR

======================================================================
ERROR: test_auth (unittest.loader._FailedTest.test_auth)
----------------------------------------------------------------------
ImportError: Failed to import test module: test_auth
Traceback (most recent call last):
  File "C:\Users\Deca\AppData\Local\Programs\Python\Python313\Lib\unittest\load
er.py", line 396, in _find_test_path
    module = self._get_module_from_name(name)
  File "C:\Users\Deca\AppData\Local\Programs\Python\Python313\Lib\unittest\load
er.py", line 339, in _get_module_from_name
    __import__(name)
    ~~~~~~~~~~^^^^^^
  File "C:\Users\Deca\OneDrive\Desktop\gwaro-capital\tests\test_auth.py", line 
7, in <module>
    import app as app_module
  File "C:\Users\Deca\OneDrive\Desktop\gwaro-capital\app.py", line 46, in 
<module>
    from services.bot_manager import BotManager
  File "C:\Users\Deca\OneDrive\Desktop\gwaro-capital\services\bot_manager.py", 
line 5, in <module>
    from mt5_manager import mt5_manager
  File "C:\Users\Deca\OneDrive\Desktop\gwaro-capital\mt5_manager.py", line 3, 
in <module>
    from services.mt5_bridge_client import MT5BridgeClient
  File 
"C:\Users\Deca\OneDrive\Desktop\gwaro-capital\services\mt5_bridge_client.py", 
line 3, in <module>
    import requests
ModuleNotFoundError: No module named 'requests'


======================================================================
ERROR: test_bot_control_actions 
(unittest.loader._FailedTest.test_bot_control_actions)
----------------------------------------------------------------------
ImportError: Failed to import test module: test_bot_control_actions
Traceback (most recent call last):
  File "C:\Users\Deca\AppData\Local\Programs\Python\Python313\Lib\unittest\load
er.py", line 396, in _find_test_path
    module = self._get_module_from_name(name)
  File "C:\Users\Deca\AppData\Local\Programs\Python\Python313\Lib\unittest\load
er.py", line 339, in _get_module_from_name
    __import__(name)
    ~~~~~~~~~~^^^^^^
  File "C:\Users\Deca\OneDrive\Desktop\gwaro-capital\tests\test_bot_control_act
ions.py", line 4, in <module>
    from services.bot_manager import BotManager
  File "C:\Users\Deca\OneDrive\Desktop\gwaro-capital\services\bot_manager.py", 
line 5, in <module>
    from mt5_manager import mt5_manager
  File "C:\Users\Deca\OneDrive\Desktop\gwaro-capital\mt5_manager.py", line 3, 
in <module>
    from services.mt5_bridge_client import MT5BridgeClient
  File 
"C:\Users\Deca\OneDrive\Desktop\gwaro-capital\services\mt5_bridge_client.py", 
line 3, in <module>
    import requests
ModuleNotFoundError: No module named 'requests'


======================================================================
ERROR: test_bot_manager_api (unittest.loader._FailedTest.test_bot_manager_api)
----------------------------------------------------------------------
ImportError: Failed to import test module: test_bot_manager_api
Traceback (most recent call last):
  File "C:\Users\Deca\AppData\Local\Programs\Python\Python313\Lib\unittest\load
er.py", line 396, in _find_test_path
    module = self._get_module_from_name(name)
  File "C:\Users\Deca\AppData\Local\Programs\Python\Python313\Lib\unittest\load
er.py", line 339, in _get_module_from_name
    __import__(name)
    ~~~~~~~~~~^^^^^^
  File 
"C:\Users\Deca\OneDrive\Desktop\gwaro-capital\tests\test_bot_manager_api.py", 
line 8, in <module>
    import app as app_module
  File "C:\Users\Deca\OneDrive\Desktop\gwaro-capital\app.py", line 46, in 
<module>
    from services.bot_manager import BotManager
  File "C:\Users\Deca\OneDrive\Desktop\gwaro-capital\services\bot_manager.py", 
line 5, in <module>
    from mt5_manager import mt5_manager
  File "C:\Users\Deca\OneDrive\Desktop\gwaro-capital\mt5_manager.py", line 3, 
in <module>
    from services.mt5_bridge_client import MT5BridgeClient
  File 
"C:\Users\Deca\OneDrive\Desktop\gwaro-capital\services\mt5_bridge_client.py", 
line 3, in <module>
    import requests
ModuleNotFoundError: No module named 'requests'


======================================================================
ERROR: test_dynamic_bot_discovery 
(unittest.loader._FailedTest.test_dynamic_bot_discovery)
----------------------------------------------------------------------
ImportError: Failed to import test module: test_dynamic_bot_discovery
Traceback (most recent call last):
  File "C:\Users\Deca\AppData\Local\Programs\Python\Python313\Lib\unittest\load
er.py", line 396, in _find_test_path
    module = self._get_module_from_name(name)
  File "C:\Users\Deca\AppData\Local\Programs\Python\Python313\Lib\unittest\load
er.py", line 339, in _get_module_from_name
    __import__(name)
    ~~~~~~~~~~^^^^^^
  File "C:\Users\Deca\OneDrive\Desktop\gwaro-capital\tests\test_dynamic_bot_dis
covery.py", line 10, in <module>
    from services.bot_manager import BotManager
  File "C:\Users\Deca\OneDrive\Desktop\gwaro-capital\services\bot_manager.py", 
line 5, in <module>
    from mt5_manager import mt5_manager
  File "C:\Users\Deca\OneDrive\Desktop\gwaro-capital\mt5_manager.py", line 3, 
in <module>
    from services.mt5_bridge_client import MT5BridgeClient
  File 
"C:\Users\Deca\OneDrive\Desktop\gwaro-capital\services\mt5_bridge_client.py", 
line 3, in <module>
    import requests
ModuleNotFoundError: No module named 'requests'


======================================================================
ERROR: test_forgot_password (unittest.loader._FailedTest.test_forgot_password)
----------------------------------------------------------------------
ImportError: Failed to import test module: test_forgot_password
Traceback (most recent call last):
  File "C:\Users\Deca\AppData\Local\Programs\Python\Python313\Lib\unittest\load
er.py", line 396, in _find_test_path
    module = self._get_module_from_name(name)
  File "C:\Users\Deca\AppData\Local\Programs\Python\Python313\Lib\unittest\load
er.py", line 339, in _get_module_from_name
    __import__(name)
    ~~~~~~~~~~^^^^^^
  File 
"C:\Users\Deca\OneDrive\Desktop\gwaro-capital\tests\test_forgot_password.py", 
line 8, in <module>
    import app as app_module
  File "C:\Users\Deca\OneDrive\Desktop\gwaro-capital\app.py", line 46, in 
<module>
    from services.bot_manager import BotManager
  File "C:\Users\Deca\OneDrive\Desktop\gwaro-capital\services\bot_manager.py", 
line 5, in <module>
    from mt5_manager import mt5_manager
  File "C:\Users\Deca\OneDrive\Desktop\gwaro-capital\mt5_manager.py", line 3, 
in <module>
    from services.mt5_bridge_client import MT5BridgeClient
  File 
"C:\Users\Deca\OneDrive\Desktop\gwaro-capital\services\mt5_bridge_client.py", 
line 3, in <module>
    import requests
ModuleNotFoundError: No module named 'requests'


======================================================================
ERROR: test_mt5 (unittest.loader._FailedTest.test_mt5)
----------------------------------------------------------------------
ImportError: Failed to import test module: test_mt5
Traceback (most recent call last):
  File "C:\Users\Deca\AppData\Local\Programs\Python\Python313\Lib\unittest\load
er.py", line 396, in _find_test_path
    module = self._get_module_from_name(name)
  File "C:\Users\Deca\AppData\Local\Programs\Python\Python313\Lib\unittest\load
er.py", line 339, in _get_module_from_name
    __import__(name)
    ~~~~~~~~~~^^^^^^
  File "C:\Users\Deca\OneDrive\Desktop\gwaro-capital\tests\test_mt5.py", line 
7, in <module>
    import app as app_module
  File "C:\Users\Deca\OneDrive\Desktop\gwaro-capital\app.py", line 46, in 
<module>
    from services.bot_manager import BotManager
  File "C:\Users\Deca\OneDrive\Desktop\gwaro-capital\services\bot_manager.py", 
line 5, in <module>
    from mt5_manager import mt5_manager
  File "C:\Users\Deca\OneDrive\Desktop\gwaro-capital\mt5_manager.py", line 3, 
in <module>
    from services.mt5_bridge_client import MT5BridgeClient
  File 
"C:\Users\Deca\OneDrive\Desktop\gwaro-capital\services\mt5_bridge_client.py", 
line 3, in <module>
    import requests
ModuleNotFoundError: No module named 'requests'


======================================================================
ERROR: test_mt5_connect_api (unittest.loader._FailedTest.test_mt5_connect_api)
----------------------------------------------------------------------
ImportError: Failed to import test module: test_mt5_connect_api
Traceback (most recent call last):
  File "C:\Users\Deca\AppData\Local\Programs\Python\Python313\Lib\unittest\load
er.py", line 396, in _find_test_path
    module = self._get_module_from_name(name)
  File "C:\Users\Deca\AppData\Local\Programs\Python\Python313\Lib\unittest\load
er.py", line 339, in _get_module_from_name
    __import__(name)
    ~~~~~~~~~~^^^^^^
  File 
"C:\Users\Deca\OneDrive\Desktop\gwaro-capital\tests\test_mt5_connect_api.py", 
line 7, in <module>
    import app as app_module
  File "C:\Users\Deca\OneDrive\Desktop\gwaro-capital\app.py", line 46, in 
<module>
    from services.bot_manager import BotManager
  File "C:\Users\Deca\OneDrive\Desktop\gwaro-capital\services\bot_manager.py", 
line 5, in <module>
    from mt5_manager import mt5_manager
  File "C:\Users\Deca\OneDrive\Desktop\gwaro-capital\mt5_manager.py", line 3, 
in <module>
    from services.mt5_bridge_client import MT5BridgeClient
  File 
"C:\Users\Deca\OneDrive\Desktop\gwaro-capital\services\mt5_bridge_client.py", 
line 3, in <module>
    import requests
ModuleNotFoundError: No module named 'requests'


======================================================================
ERROR: test_navigation (unittest.loader._FailedTest.test_navigation)
----------------------------------------------------------------------
ImportError: Failed to import test module: test_navigation
Traceback (most recent call last):
  File "C:\Users\Deca\AppData\Local\Programs\Python\Python313\Lib\unittest\load
er.py", line 396, in _find_test_path
    module = self._get_module_from_name(name)
  File "C:\Users\Deca\AppData\Local\Programs\Python\Python313\Lib\unittest\load
er.py", line 339, in _get_module_from_name
    __import__(name)
    ~~~~~~~~~~^^^^^^
  File 
"C:\Users\Deca\OneDrive\Desktop\gwaro-capital\tests\test_navigation.py", line 
7, in <module>
    import app as app_module
  File "C:\Users\Deca\OneDrive\Desktop\gwaro-capital\app.py", line 46, in 
<module>
    from services.bot_manager import BotManager
  File "C:\Users\Deca\OneDrive\Desktop\gwaro-capital\services\bot_manager.py", 
line 5, in <module>
    from mt5_manager import mt5_manager
  File "C:\Users\Deca\OneDrive\Desktop\gwaro-capital\mt5_manager.py", line 3, 
in <module>
    from services.mt5_bridge_client import MT5BridgeClient
  File 
"C:\Users\Deca\OneDrive\Desktop\gwaro-capital\services\mt5_bridge_client.py", 
line 3, in <module>
    import requests
ModuleNotFoundError: No module named 'requests'


======================================================================
ERROR: test_phase7_ai_analytics 
(unittest.loader._FailedTest.test_phase7_ai_analytics)
----------------------------------------------------------------------
ImportError: Failed to import test module: test_phase7_ai_analytics
Traceback (most recent call last):
  File "C:\Users\Deca\AppData\Local\Programs\Python\Python313\Lib\unittest\load
er.py", line 396, in _find_test_path
    module = self._get_module_from_name(name)
  File "C:\Users\Deca\AppData\Local\Programs\Python\Python313\Lib\unittest\load
er.py", line 339, in _get_module_from_name
    __import__(name)
    ~~~~~~~~~~^^^^^^
  File "C:\Users\Deca\OneDrive\Desktop\gwaro-capital\tests\test_phase7_ai_analy
tics.py", line 8, in <module>
    import app as app_module
  File "C:\Users\Deca\OneDrive\Desktop\gwaro-capital\app.py", line 46, in 
<module>
    from services.bot_manager import BotManager
  File "C:\Users\Deca\OneDrive\Desktop\gwaro-capital\services\bot_manager.py", 
line 5, in <module>
    from mt5_manager import mt5_manager
  File "C:\Users\Deca\OneDrive\Desktop\gwaro-capital\mt5_manager.py", line 3, 
in <module>
    from services.mt5_bridge_client import MT5BridgeClient
  File 
"C:\Users\Deca\OneDrive\Desktop\gwaro-capital\services\mt5_bridge_client.py", 
line 3, in <module>
    import requests
ModuleNotFoundError: No module named 'requests'


======================================================================
ERROR: test_phase8_subscription_admin 
(unittest.loader._FailedTest.test_phase8_subscription_admin)
----------------------------------------------------------------------
ImportError: Failed to import test module: test_phase8_subscription_admin
Traceback (most recent call last):
  File "C:\Users\Deca\AppData\Local\Programs\Python\Python313\Lib\unittest\load
er.py", line 396, in _find_test_path
    module = self._get_module_from_name(name)
  File "C:\Users\Deca\AppData\Local\Programs\Python\Python313\Lib\unittest\load
er.py", line 339, in _get_module_from_name
    __import__(name)
    ~~~~~~~~~~^^^^^^
  File "C:\Users\Deca\OneDrive\Desktop\gwaro-capital\tests\test_phase8_subscrip
tion_admin.py", line 7, in <module>
    import app as app_module
  File "C:\Users\Deca\OneDrive\Desktop\gwaro-capital\app.py", line 46, in 
<module>
    from services.bot_manager import BotManager
  File "C:\Users\Deca\OneDrive\Desktop\gwaro-capital\services\bot_manager.py", 
line 5, in <module>
    from mt5_manager import mt5_manager
  File "C:\Users\Deca\OneDrive\Desktop\gwaro-capital\mt5_manager.py", line 3, 
in <module>
    from services.mt5_bridge_client import MT5BridgeClient
  File 
"C:\Users\Deca\OneDrive\Desktop\gwaro-capital\services\mt5_bridge_client.py", 
line 3, in <module>
    import requests
ModuleNotFoundError: No module named 'requests'


======================================================================
ERROR: test_phase9_analytics 
(unittest.loader._FailedTest.test_phase9_analytics)
----------------------------------------------------------------------
ImportError: Failed to import test module: test_phase9_analytics
Traceback (most recent call last):
  File "C:\Users\Deca\AppData\Local\Programs\Python\Python313\Lib\unittest\load
er.py", line 396, in _find_test_path
    module = self._get_module_from_name(name)
  File "C:\Users\Deca\AppData\Local\Programs\Python\Python313\Lib\unittest\load
er.py", line 339, in _get_module_from_name
    __import__(name)
    ~~~~~~~~~~^^^^^^
  File 
"C:\Users\Deca\OneDrive\Desktop\gwaro-capital\tests\test_phase9_analytics.py", 
line 8, in <module>
    import app as app_module
  File "C:\Users\Deca\OneDrive\Desktop\gwaro-capital\app.py", line 46, in 
<module>
    from services.bot_manager import BotManager
  File "C:\Users\Deca\OneDrive\Desktop\gwaro-capital\services\bot_manager.py", 
line 5, in <module>
    from mt5_manager import mt5_manager
  File "C:\Users\Deca\OneDrive\Desktop\gwaro-capital\mt5_manager.py", line 3, 
in <module>
    from services.mt5_bridge_client import MT5BridgeClient
  File 
"C:\Users\Deca\OneDrive\Desktop\gwaro-capital\services\mt5_bridge_client.py", 
line 3, in <module>
    import requests
ModuleNotFoundError: No module named 'requests'


======================================================================
ERROR: test_subscription_phase9 
(unittest.loader._FailedTest.test_subscription_phase9)
----------------------------------------------------------------------
ImportError: Failed to import test module: test_subscription_phase9
Traceback (most recent call last):
  File "C:\Users\Deca\AppData\Local\Programs\Python\Python313\Lib\unittest\load
er.py", line 396, in _find_test_path
    module = self._get_module_from_name(name)
  File "C:\Users\Deca\AppData\Local\Programs\Python\Python313\Lib\unittest\load
er.py", line 339, in _get_module_from_name
    __import__(name)
    ~~~~~~~~~~^^^^^^
  File "C:\Users\Deca\OneDrive\Desktop\gwaro-capital\tests\test_subscription_ph
ase9.py", line 7, in <module>
    import app as app_module
  File "C:\Users\Deca\OneDrive\Desktop\gwaro-capital\app.py", line 46, in 
<module>
    from services.bot_manager import BotManager
  File "C:\Users\Deca\OneDrive\Desktop\gwaro-capital\services\bot_manager.py", 
line 5, in <module>
    from mt5_manager import mt5_manager
  File "C:\Users\Deca\OneDrive\Desktop\gwaro-capital\mt5_manager.py", line 3, 
in <module>
    from services.mt5_bridge_client import MT5BridgeClient
  File 
"C:\Users\Deca\OneDrive\Desktop\gwaro-capital\services\mt5_bridge_client.py", 
line 3, in <module>
    import requests
ModuleNotFoundError: No module named 'requests'


======================================================================
ERROR: test_trading_engine (unittest.loader._FailedTest.test_trading_engine)
----------------------------------------------------------------------
ImportError: Failed to import test module: test_trading_engine
Traceback (most recent call last):
  File "C:\Users\Deca\AppData\Local\Programs\Python\Python313\Lib\unittest\load
er.py", line 396, in _find_test_path
    module = self._get_module_from_name(name)
  File "C:\Users\Deca\AppData\Local\Programs\Python\Python313\Lib\unittest\load
er.py", line 339, in _get_module_from_name
    __import__(name)
    ~~~~~~~~~~^^^^^^
  File 
"C:\Users\Deca\OneDrive\Desktop\gwaro-capital\tests\test_trading_engine.py", 
line 9, in <module>
    import services.trading_engine as trading_engine_module
  File 
"C:\Users\Deca\OneDrive\Desktop\gwaro-capital\services\trading_engine.py", 
line 6, in <module>
    from mt5_manager import mt5_manager
  File "C:\Users\Deca\OneDrive\Desktop\gwaro-capital\mt5_manager.py", line 3, 
in <module>
    from services.mt5_bridge_client import MT5BridgeClient
  File 
"C:\Users\Deca\OneDrive\Desktop\gwaro-capital\services\mt5_bridge_client.py", 
line 3, in <module>
    import requests
ModuleNotFoundError: No module named 'requests'


----------------------------------------------------------------------
Ran 15 tests in 0.576s

FAILED (errors=13)
